_Ga=d\_Ga=d,p=1\[0m
[38;5;228;48;5;63;1m[0m[38;5;228;48;5;63;1m[0m  [38;5;228;48;5;63;1m [0m[38;5;228;48;5;63;1mSlide[0m[38;5;228;48;5;63;1m [0m[38;5;252m[38;5;252m [0m[38;5;252m [0m[38;5;252m [0m[38;5;252m [0m[38;5;252m [0m[38;5;252m [0m[38;5;252m [0m[38;5;252m [0m[38;5;252m [0m[38;5;252m [0m[38;5;252m [0m[38;5;252m [0m[38;5;252m [0m[38;5;252m [0m[38;5;252m [0m[38;5;252m [0m[38;5;252m [0m[38;5;252m [0m[38;5;252m [0m[38;5;252m [0m[38;5;252m [0m[38;5;252m [0m[38;5;252m [0m[38;5;252m [0m[38;5;252m [0m[38;5;252m [0m[38;5;252m [0m[38;5;252m [0m[38;5;252m [0m[38;5;252m [0m[38;5;252m [0m[38;5;252m [0m[38;5;252m [0m[38;5;252m [0m[38;5;252m [0m[38;5;252m [0m[38;5;252m [0m[38;5;252m [0m[38;5;252m [0m[38;5;252m [0m[38;5;252m [0m[38;5;252m [0m[38;5;252m [0m[38;5;252m [0m[38;5;252m [0m[38;5;252m [0m[38;5;252m [0m[38;5;252m [0m[38;5;252m [0m[38;5;252m [0m[38;5;252m [0m[38;5;252m [0m[38;5;252m [0m[38;5;252m [0m[38;5;252m [0m[38;5;252m [0m[38;5;252m [0m[38;5;252m [0m[38;5;252m [0m[38;5;252m [0m[38;5;252m [0m[38;5;252m [0m[38;5;252m [0m[38;5;252m [0m[38;5;252m [0m[38;5;252m [0m[38;5;252m [0m[38;5;252m [0m[38;5;252m [0m[38;5;252m [0m[38;5;252m [0m[38;5;252m [0m[38;5;252m [0m[0m
[0m
package main                                                                  
                                                                              
[38;5;204mimport[0m[38;5;251m [0m[38;5;173m"fmt"[0m[38;5;251m[0m                                                                  
                                                                              
func main() {                                                                 
[38;5;251m    [0m[38;5;251mfmt[0m[38;5;187m.[0m[38;5;42mPrintln[0m[38;5;187m([0m[38;5;173m"Hello World"[0m[38;5;187m)[0m[38;5;251m[0m                                                
}                                                                             
                                                                              