_Ga=d\
[38;5;228;48;5;63;1m[0m[38;5;228;48;5;63;1m[0m  [38;5;228;48;5;63;1m [0m[38;5;228;48;5;63;1mSlide[0m[38;5;228;48;5;63;1m [0m[38;5;252m[38;5;252m [0m[38;5;252m [0m[38;5;252m [0m[38;5;252m [0m[38;5;252m [0m[38;5;252m [0m[38;5;252m [0m[38;5;252m [0m[38;5;252m [0m[38;5;252m [0m[38;5;252m [0m[38;5;252m [0m[38;5;252m [0m[38;5;252m [0m[38;5;252m [0m[38;5;252m [0m[38;5;252m [0m[38;5;252m [0m[38;5;252m [0m[38;5;252m [0m[38;5;252m [0m[38;5;252m [0m[38;5;252m [0m[38;5;252m [0m[38;5;252m [0m[38;5;252m [0m[38;5;252m [0m[38;5;252m [0m[38;5;252m [0m[38;5;252m [0m[38;5;252m [0m[38;5;252m [0m[38;5;252m [0m[38;5;252m [0m[38;5;252m [0m[38;5;252m [0m[38;5;252m [0m[38;5;252m [0m[38;5;252m [0m[38;5;252m [0m[38;5;252m [0m[38;5;252m [0m[38;5;252m [0m[38;5;252m [0m[38;5;252m [0m[38;5;252m [0m[38;5;252m [0m[38;5;252m [0m[38;5;252m [0m[38;5;252m [0m[38;5;252m [0m[38;5;252m [0m[38;5;252m [0m[38;5;252m [0m[38;5;252m [0m[38;5;252m [0m[38;5;252m [0m[38;5;252m [0m[38;5;252m [0m[38;5;252m [0m[38;5;252m [0m[38;5;252m [0m[38;5;252m [0m[38;5;252m [0m[38;5;252m [0m[38;5;252m [0m[38;5;252m [0m[38;5;252m [0m[38;5;252m [0m[38;5;252m [0m[38;5;252m [0m[38;5;252m [0m[38;5;252m [0m[0m
[0m
 10 func (l *List[T]) All() iter.Seq[T] {                                     
 11 [38;5;251m    [0m[38;5;39mreturn[0m[38;5;251m [0m[38;5;39mfunc[0m[38;5;187m([0m[38;5;251myield[0m[38;5;251m [0m[38;5;39mfunc[0m[38;5;187m([0m[38;5;251mT[0m[38;5;187m)[0m[38;5;251m [0m[38;5;62mbool[0m[38;5;187m)[0m[38;5;251m [0m[38;5;187m{[0m[38;5;251m[0m                                     
 12 [38;5;251m        [0m[38;5;39mfor[0m[38;5;251m [0m[38;5;251me[0m[38;5;251m [0m[38;5;210m:=[0m[38;5;251m [0m[38;5;251ml[0m[38;5;187m.[0m[38;5;251mhead[0m[38;5;187m;[0m[38;5;251m [0m[38;5;251me[0m[38;5;251m [0m[38;5;210m!=[0m[38;5;251m [0m[38;5;39mnil[0m[38;5;187m;[0m[38;5;251m [0m[38;5;251me[0m[38;5;251m [0m[38;5;187m=[0m[38;5;251m [0m[38;5;251me[0m[38;5;187m.[0m[38;5;251mnext[0m[38;5;251m [0m[38;5;187m{[0m[38;5;251m[0m                           
 13 [38;5;251m            [0m[38;5;39mif[0m[38;5;251m [0m[38;5;187m![0m[38;5;42myield[0m[38;5;187m([0m[38;5;251me[0m[38;5;187m.[0m[38;5;251mval[0m[38;5;187m)[0m[38;5;251m [0m[38;5;187m{[0m[38;5;251m[0m                                            
 14 [38;5;251m                [0m[38;5;39mreturn[0m[38;5;251m[0m                                                    
 15 [38;5;251m            [0m[38;5;187m}[0m[38;5;251m[0m                                                             
 16 [38;5;251m        [0m[38;5;187m}[0m[38;5;251m[0m                                                                 
 17 [38;5;251m    [0m[38;5;187m}[0m[38;5;251m[0m                                                                     
 18 }                                                                         

